
  ___  ____  ____  ____  ____ ®
 /__    /   ____/   /   ____/      StataNow 19.5
___/   /   /___/   /   /___/       MP—Parallel Edition

 Statistics and Data Science       Copyright 1985-2025 StataCorp LLC
                                   StataCorp
                                   4905 Lakeway Drive
                                   College Station, Texas 77845 USA
                                   800-782-8272        https://www.stata.com
                                   979-696-4600        service@stata.com

Stata license: Unlimited-user 16-core network, expiring 21 Jan 2027
Serial number: 501909354015
  Licensed to: Airef
               Airef

Notes:
      1. Stata is running in batch mode.
      2. Unicode is supported; see help unicode_advice.
      3. More than 2 billion observations are allowed; see help obs_advice.
      4. Maximum number of variables is set to 5,000 but can be increased;
          see help set_maxvar.

. do C:\Users\hjimenez\AppData\Local\Temp\check_stata_replication_packages.do 

. foreach package in ftools reghdfe distinct sdid sdid_event honestdid {
  2.     capture which `package'
  3.     if _rc {
  4.         display as error "MISSING: `package'"
  5.     }
  6.     else {
  7.         which `package'
  8.     }
  9. }
MISSING: ftools
MISSING: reghdfe
C:\Users\hjimenez\ado\plus\d\distinct.ado
*! 1.2.1 NJC 1 March 2012         
*! 1.2.0 NJC 15 September 2008
C:\Users\hjimenez\ado\plus\s\sdid.ado
*! sdid: Synthetic Difference-in-Differences
*! Version 2.0.2 June 28, 2024
*! Author: Pailañir Daniel, Clarke Damian
*! dpailanir@fen.uchile.cl, dclarke@fen.uchile.cl
C:\Users\hjimenez\ado\plus\s\sdid_event.ado
MISSING: honestdid

. exit, clear

end of do-file
