
  ___  ____  ____  ____  ____ ®
 /__    /   ____/   /   ____/      StataNow 19.5
___/   /   /___/   /   /___/       MP—Parallel Edition

 Statistics and Data Science       Copyright 1985-2025 StataCorp LLC
                                   StataCorp
                                   4905 Lakeway Drive
                                   College Station, Texas 77845 USA
                                   800-782-8272        https://www.stata.com
                                   979-696-4600        service@stata.com

Stata license: Unlimited-user 16-core network, expiring 21 Jan 2027
Serial number: 501909354015
  Licensed to: Airef
               Airef

Notes:
      1. Stata is running in batch mode.
      2. Unicode is supported; see help unicode_advice.
      3. More than 2 billion observations are allowed; see help obs_advice.
      4. Maximum number of variables is set to 5,000 but can be increased;
          see help set_maxvar.

. do C:\Users\hjimenez\AppData\Local\Temp\install_stata_replication_packages.do
>  

. cap noi ssc install ftools, replace
checking ftools consistency and verifying not already installed...
installing into C:\Users\hjimenez\ado\plus\...
installation complete.

. cap noi ssc install reghdfe, replace
checking reghdfe consistency and verifying not already installed...
installing into C:\Users\hjimenez\ado\plus\...
installation complete.

. cap noi ssc install distinct, replace
checking distinct consistency and verifying not already installed...
all files already exist and are up to date.

. cap noi ssc install sdid, replace
checking sdid consistency and verifying not already installed...

the following files will be replaced:
    C:\Users\hjimenez\ado\plus\s\sdid.ado
    C:\Users\hjimenez\ado\plus\s\sdid.sthlp

installing into C:\Users\hjimenez\ado\plus\...
installation complete.

. cap noi ssc install sdid_event, replace
checking sdid_event consistency and verifying not already installed...

the following files will be replaced:
    C:\Users\hjimenez\ado\plus\s\sdid_event.ado
    C:\Users\hjimenez\ado\plus\s\sdid_event.sthlp

installing into C:\Users\hjimenez\ado\plus\...
installation complete.

. local github https://raw.githubusercontent.com

. cap noi net install honestdid, from(`github'/mcaceresb/stata-honestdid/main) 
> replace
checking honestdid consistency and verifying not already installed...
installing into C:\Users\hjimenez\ado\plus\...
installation complete.

. cap noi honestdid _plugin_check
C:\Users\hjimenez\ado\plus\h\honestdid.ado
*! version 1.3.4 27Feb2025 Mauricio Caceres Bravo, mauricio.caceres.bravo@gmail
> .com
*! HonestDiD R to Stata translation
(note: HonestDiD mata functions v1.3.4 successfully loaded)
(note: honestosqp_plugin v1.1.2 successfully loaded)
(note: honestecos_plugin v1.1.2 successfully loaded)

. exit, clear

end of do-file
