
  ___  ____  ____  ____  ____ ®
 /__    /   ____/   /   ____/      StataNow 19.5
___/   /   /___/   /   /___/       MP—Parallel Edition

 Statistics and Data Science       Copyright 1985-2025 StataCorp LLC
                                   StataCorp
                                   4905 Lakeway Drive
                                   College Station, Texas 77845 USA
                                   800-782-8272        https://www.stata.com
                                   979-696-4600        service@stata.com

Stata license: Unlimited-user 16-core network, expiring 21 Jan 2027
Serial number: 501909354015
  Licensed to: Airef
               Airef

Notes:
      1. Stata is running in batch mode.
      2. Unicode is supported; see help unicode_advice.
      3. More than 2 billion observations are allowed; see help obs_advice.
      4. Maximum number of variables is set to 5,000 but can be increased;
          see help set_maxvar.

. do C:\Users\hjimenez\AppData\Local\Temp\install_stata_require.do 

. cap log close _all

. log using "C:\Users\hjimenez\AppData\Local\Temp\install_stata_require.log", t
> ext replace
(file C:\Users\hjimenez\AppData\Local\Temp\install_stata_require.log not
    found)
-------------------------------------------------------------------------------
      name:  <unnamed>
       log:  C:\Users\hjimenez\AppData\Local\Temp\install_stata_require.log
  log type:  text
 opened on:  11 Aug 2026, 13:45:03

. ssc install require, replace
checking require consistency and verifying not already installed...
installing into C:\Users\hjimenez\ado\plus\...
installation complete.

. which require
C:\Users\hjimenez\ado\plus\r\require.ado
*! version 1.3.1 19sep2023

. log close _all
      name:  <unnamed>
       log:  C:\Users\hjimenez\AppData\Local\Temp\install_stata_require.log
  log type:  text
 closed on:  11 Aug 2026, 13:45:05
-------------------------------------------------------------------------------

. exit, clear

end of do-file
